ファイル (シンボル) があるため書庫のメンバが取り込まれました
/opt/local/lib/gcc/avr/4.7.2/avr5/libgcc.a(_exit.o)
                              /opt/local/lib/gcc/avr/4.7.2/../../../../avr/lib/avr5/crtm168.o (exit)
/opt/local/lib/gcc/avr/4.7.2/avr5/libgcc.a(_copy_data.o)
                              main.o (__do_copy_data)
/opt/local/lib/gcc/avr/4.7.2/avr5/libgcc.a(_clear_bss.o)
                              main.o (__do_clear_bss)
/opt/local/lib/gcc/avr/4.7.2/avr5/libgcc.a(_mul_sf.o)
                              main.o (__mulsf3)
/opt/local/lib/gcc/avr/4.7.2/avr5/libgcc.a(_div_sf.o)
                              main.o (__divsf3)
/opt/local/lib/gcc/avr/4.7.2/avr5/libgcc.a(_sf_to_si.o)
                              main.o (__fixsfsi)
/opt/local/lib/gcc/avr/4.7.2/avr5/libgcc.a(_thenan_sf.o)
                              /opt/local/lib/gcc/avr/4.7.2/avr5/libgcc.a(_mul_sf.o) (__thenan_sf)
/opt/local/lib/gcc/avr/4.7.2/avr5/libgcc.a(_prologue.o)
                              /opt/local/lib/gcc/avr/4.7.2/avr5/libgcc.a(_mul_sf.o) (__prologue_saves__)
/opt/local/lib/gcc/avr/4.7.2/avr5/libgcc.a(_epilogue.o)
                              /opt/local/lib/gcc/avr/4.7.2/avr5/libgcc.a(_mul_sf.o) (__epilogue_restores__)
/opt/local/lib/gcc/avr/4.7.2/avr5/libgcc.a(_pack_sf.o)
                              /opt/local/lib/gcc/avr/4.7.2/avr5/libgcc.a(_mul_sf.o) (__pack_f)
/opt/local/lib/gcc/avr/4.7.2/avr5/libgcc.a(_unpack_sf.o)
                              /opt/local/lib/gcc/avr/4.7.2/avr5/libgcc.a(_mul_sf.o) (__unpack_f)

割り当てている共通シンボル
共通シンボル        サイズ            ファイル

i                   0x2               main.o

メモリ設定

名前           原点             長さ             属性
text             0x0000000000000000 0x0000000000020000 xr
data             0x0000000000800060 0x000000000000ffa0 rw !x
eeprom           0x0000000000810000 0x0000000000010000 rw !x
fuse             0x0000000000820000 0x0000000000000400 rw !x
lock             0x0000000000830000 0x0000000000000400 rw !x
signature        0x0000000000840000 0x0000000000000400 rw !x
*default*        0x0000000000000000 0xffffffffffffffff

リンカスクリプトおよびメモリマップ

セクション .data のアドレスは次に設定されました: 0x800100
LOAD /opt/local/lib/gcc/avr/4.7.2/../../../../avr/lib/avr5/crtm168.o
LOAD main.o
LOAD /opt/local/lib/gcc/avr/4.7.2/avr5/libgcc.a
LOAD /opt/local/lib/gcc/avr/4.7.2/../../../../avr/lib/avr5/libc.a
LOAD /opt/local/lib/gcc/avr/4.7.2/avr5/libgcc.a

.hash
 *(.hash)

.dynsym
 *(.dynsym)

.dynstr
 *(.dynstr)

.gnu.version
 *(.gnu.version)

.gnu.version_d
 *(.gnu.version_d)

.gnu.version_r
 *(.gnu.version_r)

.rel.init
 *(.rel.init)

.rela.init
 *(.rela.init)

.rel.text
 *(.rel.text)
 *(.rel.text.*)
 *(.rel.gnu.linkonce.t*)

.rela.text
 *(.rela.text)
 *(.rela.text.*)
 *(.rela.gnu.linkonce.t*)

.rel.fini
 *(.rel.fini)

.rela.fini
 *(.rela.fini)

.rel.rodata
 *(.rel.rodata)
 *(.rel.rodata.*)
 *(.rel.gnu.linkonce.r*)

.rela.rodata
 *(.rela.rodata)
 *(.rela.rodata.*)
 *(.rela.gnu.linkonce.r*)

.rel.data
 *(.rel.data)
 *(.rel.data.*)
 *(.rel.gnu.linkonce.d*)

.rela.data
 *(.rela.data)
 *(.rela.data.*)
 *(.rela.gnu.linkonce.d*)

.rel.ctors
 *(.rel.ctors)

.rela.ctors
 *(.rela.ctors)

.rel.dtors
 *(.rel.dtors)

.rela.dtors
 *(.rela.dtors)

.rel.got
 *(.rel.got)

.rela.got
 *(.rela.got)

.rel.bss
 *(.rel.bss)

.rela.bss
 *(.rela.bss)

.rel.plt
 *(.rel.plt)

.rela.plt
 *(.rela.plt)

.text           0x0000000000000000      0x93e
 *(.vectors)
 .vectors       0x0000000000000000       0x68 /opt/local/lib/gcc/avr/4.7.2/../../../../avr/lib/avr5/crtm168.o
                0x0000000000000000                __vectors
                0x0000000000000000                __vector_default
 *(.vectors)
 *(.progmem.gcc*)
 *(.progmem*)
                0x0000000000000068                . = ALIGN (0x2)
                0x0000000000000068                __trampolines_start = .
 *(.trampolines)
 .trampolines   0x0000000000000068        0x0 linker stubs
 *(.trampolines*)
                0x0000000000000068                __trampolines_end = .
 *(.jumptables)
 *(.jumptables*)
 *(.lowtext)
 *(.lowtext*)
                0x0000000000000068                __ctors_start = .
 *(.ctors)
                0x0000000000000068                __ctors_end = .
                0x0000000000000068                __dtors_start = .
 *(.dtors)
                0x0000000000000068                __dtors_end = .
 SORT(*)(.ctors)
 SORT(*)(.dtors)
 *(.init0)
 .init0         0x0000000000000068        0x0 /opt/local/lib/gcc/avr/4.7.2/../../../../avr/lib/avr5/crtm168.o
                0x0000000000000068                __init
 *(.init0)
 *(.init1)
 *(.init1)
 *(.init2)
 .init2         0x0000000000000068        0xc /opt/local/lib/gcc/avr/4.7.2/../../../../avr/lib/avr5/crtm168.o
 *(.init2)
 *(.init3)
 *(.init3)
 *(.init4)
 .init4         0x0000000000000074       0x16 /opt/local/lib/gcc/avr/4.7.2/avr5/libgcc.a(_copy_data.o)
                0x0000000000000074                __do_copy_data
 .init4         0x000000000000008a       0x10 /opt/local/lib/gcc/avr/4.7.2/avr5/libgcc.a(_clear_bss.o)
                0x000000000000008a                __do_clear_bss
 *(.init4)
 *(.init5)
 *(.init5)
 *(.init6)
 *(.init6)
 *(.init7)
 *(.init7)
 *(.init8)
 *(.init8)
 *(.init9)
 .init9         0x000000000000009a        0x8 /opt/local/lib/gcc/avr/4.7.2/../../../../avr/lib/avr5/crtm168.o
 *(.init9)
 *(.text)
 .text          0x00000000000000a2        0x4 /opt/local/lib/gcc/avr/4.7.2/../../../../avr/lib/avr5/crtm168.o
                0x00000000000000a2                __vector_20
                0x00000000000000a2                __vector_1
                0x00000000000000a2                __vector_24
                0x00000000000000a2                __vector_12
                0x00000000000000a2                __bad_interrupt
                0x00000000000000a2                __vector_6
                0x00000000000000a2                __vector_3
                0x00000000000000a2                __vector_23
                0x00000000000000a2                __vector_25
                0x00000000000000a2                __vector_11
                0x00000000000000a2                __vector_13
                0x00000000000000a2                __vector_17
                0x00000000000000a2                __vector_19
                0x00000000000000a2                __vector_7
                0x00000000000000a2                __vector_5
                0x00000000000000a2                __vector_4
                0x00000000000000a2                __vector_9
                0x00000000000000a2                __vector_2
                0x00000000000000a2                __vector_21
                0x00000000000000a2                __vector_15
                0x00000000000000a2                __vector_8
                0x00000000000000a2                __vector_14
                0x00000000000000a2                __vector_10
                0x00000000000000a2                __vector_16
                0x00000000000000a2                __vector_18
                0x00000000000000a2                __vector_22
 .text          0x00000000000000a6      0x12c main.o
                0x00000000000000a6                delay_us
                0x00000000000000d8                init_USART0
                0x00000000000000f2                setRXCIE_USART0
                0x00000000000000fe                receive_1byte_USART0
                0x000000000000010c                transmit_1byte_USART0
                0x000000000000011a                transmit_str_USART0
                0x0000000000000138                Servo
 .text          0x00000000000001d2        0x0 /opt/local/lib/gcc/avr/4.7.2/avr5/libgcc.a(_exit.o)
 .text          0x00000000000001d2        0x0 /opt/local/lib/gcc/avr/4.7.2/avr5/libgcc.a(_copy_data.o)
 .text          0x00000000000001d2        0x0 /opt/local/lib/gcc/avr/4.7.2/avr5/libgcc.a(_clear_bss.o)
 .text          0x00000000000001d2      0x1ca /opt/local/lib/gcc/avr/4.7.2/avr5/libgcc.a(_mul_sf.o)
                0x00000000000001d2                __mulsf3
 .text          0x000000000000039c      0x146 /opt/local/lib/gcc/avr/4.7.2/avr5/libgcc.a(_div_sf.o)
                0x000000000000039c                __divsf3
 .text          0x00000000000004e2       0x9e /opt/local/lib/gcc/avr/4.7.2/avr5/libgcc.a(_sf_to_si.o)
                0x00000000000004e2                __fixsfsi
 .text          0x0000000000000580        0x0 /opt/local/lib/gcc/avr/4.7.2/avr5/libgcc.a(_thenan_sf.o)
 .text          0x0000000000000580        0x0 /opt/local/lib/gcc/avr/4.7.2/avr5/libgcc.a(_prologue.o)
 .text          0x0000000000000580        0x0 /opt/local/lib/gcc/avr/4.7.2/avr5/libgcc.a(_epilogue.o)
 .text          0x0000000000000580      0x194 /opt/local/lib/gcc/avr/4.7.2/avr5/libgcc.a(_pack_sf.o)
                0x0000000000000580                __pack_f
 .text          0x0000000000000714       0xde /opt/local/lib/gcc/avr/4.7.2/avr5/libgcc.a(_unpack_sf.o)
                0x0000000000000714                __unpack_f
                0x00000000000007f2                . = ALIGN (0x2)
 *(.text.*)
 .text.startup  0x00000000000007f2       0xda main.o
                0x00000000000007f2                main
 .text.libgcc.mul
                0x00000000000008cc        0x0 /opt/local/lib/gcc/avr/4.7.2/avr5/libgcc.a(_exit.o)
 .text.libgcc.div
                0x00000000000008cc        0x0 /opt/local/lib/gcc/avr/4.7.2/avr5/libgcc.a(_exit.o)
 .text.libgcc   0x00000000000008cc        0x0 /opt/local/lib/gcc/avr/4.7.2/avr5/libgcc.a(_exit.o)
 .text.libgcc.prologue
                0x00000000000008cc        0x0 /opt/local/lib/gcc/avr/4.7.2/avr5/libgcc.a(_exit.o)
 .text.libgcc.builtins
                0x00000000000008cc        0x0 /opt/local/lib/gcc/avr/4.7.2/avr5/libgcc.a(_exit.o)
 .text.libgcc.fmul
                0x00000000000008cc        0x0 /opt/local/lib/gcc/avr/4.7.2/avr5/libgcc.a(_exit.o)
 .text.libgcc.mul
                0x00000000000008cc        0x0 /opt/local/lib/gcc/avr/4.7.2/avr5/libgcc.a(_copy_data.o)
 .text.libgcc.div
                0x00000000000008cc        0x0 /opt/local/lib/gcc/avr/4.7.2/avr5/libgcc.a(_copy_data.o)
 .text.libgcc   0x00000000000008cc        0x0 /opt/local/lib/gcc/avr/4.7.2/avr5/libgcc.a(_copy_data.o)
 .text.libgcc.prologue
                0x00000000000008cc        0x0 /opt/local/lib/gcc/avr/4.7.2/avr5/libgcc.a(_copy_data.o)
 .text.libgcc.builtins
                0x00000000000008cc        0x0 /opt/local/lib/gcc/avr/4.7.2/avr5/libgcc.a(_copy_data.o)
 .text.libgcc.fmul
                0x00000000000008cc        0x0 /opt/local/lib/gcc/avr/4.7.2/avr5/libgcc.a(_copy_data.o)
 .text.libgcc.mul
                0x00000000000008cc        0x0 /opt/local/lib/gcc/avr/4.7.2/avr5/libgcc.a(_clear_bss.o)
 .text.libgcc.div
                0x00000000000008cc        0x0 /opt/local/lib/gcc/avr/4.7.2/avr5/libgcc.a(_clear_bss.o)
 .text.libgcc   0x00000000000008cc        0x0 /opt/local/lib/gcc/avr/4.7.2/avr5/libgcc.a(_clear_bss.o)
 .text.libgcc.prologue
                0x00000000000008cc        0x0 /opt/local/lib/gcc/avr/4.7.2/avr5/libgcc.a(_clear_bss.o)
 .text.libgcc.builtins
                0x00000000000008cc        0x0 /opt/local/lib/gcc/avr/4.7.2/avr5/libgcc.a(_clear_bss.o)
 .text.libgcc.fmul
                0x00000000000008cc        0x0 /opt/local/lib/gcc/avr/4.7.2/avr5/libgcc.a(_clear_bss.o)
 .text.libgcc.mul
                0x00000000000008cc        0x0 /opt/local/lib/gcc/avr/4.7.2/avr5/libgcc.a(_prologue.o)
 .text.libgcc.div
                0x00000000000008cc        0x0 /opt/local/lib/gcc/avr/4.7.2/avr5/libgcc.a(_prologue.o)
 .text.libgcc   0x00000000000008cc        0x0 /opt/local/lib/gcc/avr/4.7.2/avr5/libgcc.a(_prologue.o)
 .text.libgcc.prologue
                0x00000000000008cc       0x38 /opt/local/lib/gcc/avr/4.7.2/avr5/libgcc.a(_prologue.o)
                0x00000000000008cc                __prologue_saves__
 .text.libgcc.builtins
                0x0000000000000904        0x0 /opt/local/lib/gcc/avr/4.7.2/avr5/libgcc.a(_prologue.o)
 .text.libgcc.fmul
                0x0000000000000904        0x0 /opt/local/lib/gcc/avr/4.7.2/avr5/libgcc.a(_prologue.o)
 .text.libgcc.mul
                0x0000000000000904        0x0 /opt/local/lib/gcc/avr/4.7.2/avr5/libgcc.a(_epilogue.o)
 .text.libgcc.div
                0x0000000000000904        0x0 /opt/local/lib/gcc/avr/4.7.2/avr5/libgcc.a(_epilogue.o)
 .text.libgcc   0x0000000000000904        0x0 /opt/local/lib/gcc/avr/4.7.2/avr5/libgcc.a(_epilogue.o)
 .text.libgcc.prologue
                0x0000000000000904       0x36 /opt/local/lib/gcc/avr/4.7.2/avr5/libgcc.a(_epilogue.o)
                0x0000000000000904                __epilogue_restores__
 .text.libgcc.builtins
                0x000000000000093a        0x0 /opt/local/lib/gcc/avr/4.7.2/avr5/libgcc.a(_epilogue.o)
 .text.libgcc.fmul
                0x000000000000093a        0x0 /opt/local/lib/gcc/avr/4.7.2/avr5/libgcc.a(_epilogue.o)
                0x000000000000093a                . = ALIGN (0x2)
 *(.fini9)
 .fini9         0x000000000000093a        0x0 /opt/local/lib/gcc/avr/4.7.2/avr5/libgcc.a(_exit.o)
                0x000000000000093a                exit
                0x000000000000093a                _exit
 *(.fini9)
 *(.fini8)
 *(.fini8)
 *(.fini7)
 *(.fini7)
 *(.fini6)
 *(.fini6)
 *(.fini5)
 *(.fini5)
 *(.fini4)
 *(.fini4)
 *(.fini3)
 *(.fini3)
 *(.fini2)
 *(.fini2)
 *(.fini1)
 *(.fini1)
 *(.fini0)
 .fini0         0x000000000000093a        0x4 /opt/local/lib/gcc/avr/4.7.2/avr5/libgcc.a(_exit.o)
 *(.fini0)
                0x000000000000093e                _etext = .

.data           0x0000000000800100        0xc ロードアドレス 0x000000000000093e
                0x0000000000800100                PROVIDE (__data_start, .)
 *(.data)
 .data          0x0000000000800100        0x0 /opt/local/lib/gcc/avr/4.7.2/../../../../avr/lib/avr5/crtm168.o
 .data          0x0000000000800100        0x0 main.o
 .data          0x0000000000800100        0x0 /opt/local/lib/gcc/avr/4.7.2/avr5/libgcc.a(_exit.o)
 .data          0x0000000000800100        0x0 /opt/local/lib/gcc/avr/4.7.2/avr5/libgcc.a(_copy_data.o)
 .data          0x0000000000800100        0x0 /opt/local/lib/gcc/avr/4.7.2/avr5/libgcc.a(_clear_bss.o)
 .data          0x0000000000800100        0x0 /opt/local/lib/gcc/avr/4.7.2/avr5/libgcc.a(_mul_sf.o)
 .data          0x0000000000800100        0x0 /opt/local/lib/gcc/avr/4.7.2/avr5/libgcc.a(_div_sf.o)
 .data          0x0000000000800100        0x0 /opt/local/lib/gcc/avr/4.7.2/avr5/libgcc.a(_sf_to_si.o)
 .data          0x0000000000800100        0x0 /opt/local/lib/gcc/avr/4.7.2/avr5/libgcc.a(_thenan_sf.o)
 .data          0x0000000000800100        0x0 /opt/local/lib/gcc/avr/4.7.2/avr5/libgcc.a(_prologue.o)
 .data          0x0000000000800100        0x0 /opt/local/lib/gcc/avr/4.7.2/avr5/libgcc.a(_epilogue.o)
 .data          0x0000000000800100        0x0 /opt/local/lib/gcc/avr/4.7.2/avr5/libgcc.a(_pack_sf.o)
 .data          0x0000000000800100        0x0 /opt/local/lib/gcc/avr/4.7.2/avr5/libgcc.a(_unpack_sf.o)
 *(.data*)
 *(.rodata)
 .rodata        0x0000000000800100        0x8 /opt/local/lib/gcc/avr/4.7.2/avr5/libgcc.a(_thenan_sf.o)
                0x0000000000800100                __thenan_sf
 *(.rodata*)
 .rodata.str1.1
                0x0000000000800108        0x4 main.o
 *(.gnu.linkonce.d*)
                0x000000000080010c                . = ALIGN (0x2)
                0x000000000080010c                _edata = .
                0x000000000080010c                PROVIDE (__data_end, .)

.bss            0x000000000080010c        0x2
                0x000000000080010c                PROVIDE (__bss_start, .)
 *(.bss)
 .bss           0x000000000080010c        0x0 /opt/local/lib/gcc/avr/4.7.2/../../../../avr/lib/avr5/crtm168.o
 .bss           0x000000000080010c        0x0 main.o
 .bss           0x000000000080010c        0x0 /opt/local/lib/gcc/avr/4.7.2/avr5/libgcc.a(_exit.o)
 .bss           0x000000000080010c        0x0 /opt/local/lib/gcc/avr/4.7.2/avr5/libgcc.a(_copy_data.o)
 .bss           0x000000000080010c        0x0 /opt/local/lib/gcc/avr/4.7.2/avr5/libgcc.a(_clear_bss.o)
 .bss           0x000000000080010c        0x0 /opt/local/lib/gcc/avr/4.7.2/avr5/libgcc.a(_mul_sf.o)
 .bss           0x000000000080010c        0x0 /opt/local/lib/gcc/avr/4.7.2/avr5/libgcc.a(_div_sf.o)
 .bss           0x000000000080010c        0x0 /opt/local/lib/gcc/avr/4.7.2/avr5/libgcc.a(_sf_to_si.o)
 .bss           0x000000000080010c        0x0 /opt/local/lib/gcc/avr/4.7.2/avr5/libgcc.a(_thenan_sf.o)
 .bss           0x000000000080010c        0x0 /opt/local/lib/gcc/avr/4.7.2/avr5/libgcc.a(_prologue.o)
 .bss           0x000000000080010c        0x0 /opt/local/lib/gcc/avr/4.7.2/avr5/libgcc.a(_epilogue.o)
 .bss           0x000000000080010c        0x0 /opt/local/lib/gcc/avr/4.7.2/avr5/libgcc.a(_pack_sf.o)
 .bss           0x000000000080010c        0x0 /opt/local/lib/gcc/avr/4.7.2/avr5/libgcc.a(_unpack_sf.o)
 *(.bss*)
 *(COMMON)
 COMMON         0x000000000080010c        0x2 main.o
                0x000000000080010c                i
                0x000000000080010e                PROVIDE (__bss_end, .)
                0x000000000000093e                __data_load_start = LOADADDR (.data)
                0x000000000000094a                __data_load_end = (__data_load_start + SIZEOF (.data))

.noinit         0x000000000080010e        0x0
                0x000000000080010e                PROVIDE (__noinit_start, .)
 *(.noinit*)
                0x000000000080010e                PROVIDE (__noinit_end, .)
                0x000000000080010e                _end = .
                0x000000000080010e                PROVIDE (__heap_start, .)

.eeprom         0x0000000000810000        0x0
 *(.eeprom*)
                0x0000000000810000                __eeprom_end = .

.fuse
 *(.fuse)
 *(.lfuse)
 *(.hfuse)
 *(.efuse)

.lock
 *(.lock*)

.signature
 *(.signature*)

.stab           0x0000000000000000     0x2274
 *(.stab)
 .stab          0x0000000000000000      0x6cc /opt/local/lib/gcc/avr/4.7.2/../../../../avr/lib/avr5/crtm168.o
 .stab          0x00000000000006cc       0x6c /opt/local/lib/gcc/avr/4.7.2/avr5/libgcc.a(_exit.o)
                                         0x78 (緩和前のサイズ)
 .stab          0x0000000000000738       0xd8 /opt/local/lib/gcc/avr/4.7.2/avr5/libgcc.a(_copy_data.o)
                                         0xe4 (緩和前のサイズ)
 .stab          0x0000000000000810       0xb4 /opt/local/lib/gcc/avr/4.7.2/avr5/libgcc.a(_clear_bss.o)
                                         0xc0 (緩和前のサイズ)
 .stab          0x00000000000008c4      0x75c /opt/local/lib/gcc/avr/4.7.2/avr5/libgcc.a(_mul_sf.o)
                                        0x768 (緩和前のサイズ)
 .stab          0x0000000000001020      0x4b0 /opt/local/lib/gcc/avr/4.7.2/avr5/libgcc.a(_div_sf.o)
                                        0x72c (緩和前のサイズ)
 .stab          0x00000000000014d0      0x27c /opt/local/lib/gcc/avr/4.7.2/avr5/libgcc.a(_sf_to_si.o)
                                        0x4f8 (緩和前のサイズ)
 .stab          0x000000000000174c      0x15c /opt/local/lib/gcc/avr/4.7.2/avr5/libgcc.a(_thenan_sf.o)
                                        0x3d8 (緩和前のサイズ)
 .stab          0x00000000000018a8      0x1a4 /opt/local/lib/gcc/avr/4.7.2/avr5/libgcc.a(_prologue.o)
                                        0x1b0 (緩和前のサイズ)
 .stab          0x0000000000001a4c      0x1a4 /opt/local/lib/gcc/avr/4.7.2/avr5/libgcc.a(_epilogue.o)
                                        0x1b0 (緩和前のサイズ)
 .stab          0x0000000000001bf0      0x39c /opt/local/lib/gcc/avr/4.7.2/avr5/libgcc.a(_pack_sf.o)
                                        0x618 (緩和前のサイズ)
 .stab          0x0000000000001f8c      0x2e8 /opt/local/lib/gcc/avr/4.7.2/avr5/libgcc.a(_unpack_sf.o)
                                        0x564 (緩和前のサイズ)

.stabstr        0x0000000000000000     0x6c03
 *(.stabstr)
 .stabstr       0x0000000000000000     0x6c03 /opt/local/lib/gcc/avr/4.7.2/../../../../avr/lib/avr5/crtm168.o

.stab.excl
 *(.stab.excl)

.stab.exclstr
 *(.stab.exclstr)

.stab.index
 *(.stab.index)

.stab.indexstr
 *(.stab.indexstr)

.comment        0x0000000000000000       0x11
 *(.comment)
 .comment       0x0000000000000000       0x11 main.o
                                         0x12 (緩和前のサイズ)
 .comment       0x0000000000000000       0x12 /opt/local/lib/gcc/avr/4.7.2/avr5/libgcc.a(_mul_sf.o)
 .comment       0x0000000000000000       0x12 /opt/local/lib/gcc/avr/4.7.2/avr5/libgcc.a(_div_sf.o)
 .comment       0x0000000000000000       0x12 /opt/local/lib/gcc/avr/4.7.2/avr5/libgcc.a(_sf_to_si.o)
 .comment       0x0000000000000000       0x12 /opt/local/lib/gcc/avr/4.7.2/avr5/libgcc.a(_thenan_sf.o)
 .comment       0x0000000000000000       0x12 /opt/local/lib/gcc/avr/4.7.2/avr5/libgcc.a(_pack_sf.o)
 .comment       0x0000000000000000       0x12 /opt/local/lib/gcc/avr/4.7.2/avr5/libgcc.a(_unpack_sf.o)

.debug
 *(.debug)

.line
 *(.line)

.debug_srcinfo
 *(.debug_srcinfo)

.debug_sfnames
 *(.debug_sfnames)

.debug_aranges
 *(.debug_aranges)

.debug_pubnames
 *(.debug_pubnames)

.debug_info
 *(.debug_info)
 *(.gnu.linkonce.wi.*)

.debug_abbrev
 *(.debug_abbrev)

.debug_line
 *(.debug_line)

.debug_frame
 *(.debug_frame)

.debug_str
 *(.debug_str)

.debug_loc
 *(.debug_loc)

.debug_macinfo
 *(.debug_macinfo)

.debug_pubtypes
 *(.debug_pubtypes)

.debug_ranges
 *(.debug_ranges)

.debug_macro
 *(.debug_macro)
OUTPUT(main.bin elf32-avr)
LOAD linker stubs
